// Jest Snapshot v1, https://goo.gl/fbAQLP

exports[`<JobsChart /> should render correctly 1`] = `
<IntlProvider
  defaultFormats={Object {}}
  defaultLocale="en"
  formats={Object {}}
  locale="en"
  messages={Object {}}
  onError={[Function]}
  textComponent={Symbol(react.fragment)}
>
  <Provider
    store={
      Object {
        "clearActions": [Function],
        "dispatch": [Function],
        "getActions": [Function],
        "getState": [Function],
        "replaceReducer": [Function],
        "subscribe": [Function],
      }
    }
  >
    <MemoryRouter
      initialEntries={
        Array [
          "/ansible-dashboard",
        ]
      }
    >
      <IntlProvider
        defaultFormats={Object {}}
        defaultLocale="en"
        formats={Object {}}
        locale="en"
        messages={Object {}}
        onError={[Function]}
        textComponent={Symbol(react.fragment)}
      >
        <JobsChart />
      </IntlProvider>
    </MemoryRouter>
  </Provider>
</IntlProvider>
`;

exports[`<JobsChart /> should render correctly in loading state 1`] = `null`;
